Hello World!
Hello again!
Hello 'again'
Hello "again"
I am on
two lines


Strings plus strings
